new best 1 at depth 0: steps
new best 2 at depth 1: steps (0,1)
new best 3 at depth 2: steps (0,2,1) (0,5,2,4,3,1)
new best 4 at depth 3: steps (0,2,1) (0,5,2,4,3,1) (0,2)
new best 5 at depth 4: steps (0,2,1) (0,5,2,4,3,1) (0,2) (2,3)
new best 6 at depth 5: steps (0,2,1) (0,5,2,4,3,1) (0,2) (2,3) (1,3)
new best 7 at depth 6: steps (0,2,1) (0,5,2,4,3,1) (0,2) (2,3) (1,3) (1,4)
new best 8 at depth 7: steps (0,2,1) (0,5,2,4,3,1) (0,2) (2,3) (1,3) (1,4) (0,1)
new best 9 at depth 8: steps (0,2,1) (0,5,2,4,3,1) (0,2) (2,3) (1,3) (1,4) (0,1) (0,5)
new best 10 at depth 9: steps (0,2,1) (0,5,2,4,3,1) (0,2) (2,3) (1,3) (1,4) (0,1) (0,5) (2,5)
new best 11 at depth 8: steps (0,2,1) (0,5,2,4,3,1) (0,2) (2,3) (1,3) (1,4) (0,1) (3,5)
new best 12 at depth 8: steps (0,2,1) (0,5,2,4,3,1) (0,2) (2,3) (1,3) (1,4) (0,5) (1,5)
new best 13 at depth 9: steps (0,2,1) (0,5,2,4,3,1) (0,2) (2,3) (1,3) (1,4) (0,5) (1,5) (2,5)
new best 14 at depth 9: steps (0,2,1) (0,5,2,4,3,1) (0,2) (2,3) (1,3) (1,4) (0,5) (3,5) (0,1,3)
new best 15 at depth 8: steps (0,2,1) (0,5,2,4,3,1) (0,2) (2,3) (1,3) (2,4) (0,5) (3,5)
new best 16 at depth 9: steps (0,2,1) (0,5,2,4,3,1) (0,2) (2,3) (1,3) (2,4) (0,5) (3,5) (4,5)
new best 18 at depth 10: steps (0,2,1) (0,5,2,4,3,1) (0,2) (2,3) (1,3) (4,5) (3,4) (0,3) (2,5) (4,5)
new best 19 at depth 11: steps (0,2,1) (0,5,2,4,3,1) (0,2) (2,3) (1,4) (0,1) (1,3) (0,5) (2,5) (4,5) (3,5)
new best 21 at depth 10: steps (0,2,1) (0,5,2,4,3,1) (0,2) (2,3) (1,4) (0,1) (1,3) (4,5) (3,5) (0,4,2)
new best 22 at depth 11: steps (0,2,1) (0,5,2,4,3,1) (0,2) (1,4) (1,2) (3,4) (0,5) (3,5) (1,3) (0,2,4) (3,4)
new best 24 at depth 10: steps (0,2,1) (0,5,2,4,3,1) (0,2) (1,4) (1,2) (3,5) (0,3) (1,3) (4,5) (0,2,4)
new best 25 at depth 11: steps (0,2,1) (0,5,2,4,3,1) (0,2) (4,5) (3,4) (0,3) (1,5) (1,2) (1,3) (4,5) (3,4)
new best 26 at depth 11: steps (0,3,1,2) (1,4,2,5,3) (0,1) (1,2) (0,3) (4,5) (0,4) (3,5) (1,3) (2,5) (4,5)
new best 27 at depth 11: steps (0,3,1,2) (1,4,2,5,3) (0,2) (1,2) (4,5) (0,4) (0,2) (1,4) (3,5) (1,3) (4,5)
new best 28 at depth 12: steps (0,3,1,2) (1,4,2,5,3) (0,2) (0,3) (4,5) (0,4) (1,5) (1,3) (2,5) (0,2) (4,5) (1,4)
new best 30 at depth 12: steps (0,3,1,4,2) (0,5,2) (1,2) (0,3) (0,2) (4,5) (3,4) (2,4) (1,5) (1,3) (0,3) (4,5)
new best 31 at depth 12: steps (0,1,2,3,4,5) (1,3) (1,2) (0,4) (0,3) (4,5) (1,4) (1,3) (0,4) (2,5) (2,3) (0,5)
new best 33 at depth 12: steps (0,5,1,3,4,2) (0,3) (0,1) (2,3) (1,2) (4,5) (0,4) (3,5) (0,3) (4,5) (1,4) (2,5)
budget=30 shard=501/512 nodes=44843128 maximal=44843128 best=33
