new best 1 at depth 0: steps
new best 2 at depth 1: steps (0,1)
new best 4 at depth 2: steps (0,1) (2,3,4)
new best 5 at depth 3: steps (0,1) (2,3,4) (0,2)
new best 7 at depth 4: steps (0,1) (2,3,4) (0,2) (1,3)
new best 8 at depth 5: steps (0,1) (2,3,4) (0,2) (1,3) (0,1)
new best 10 at depth 6: steps (0,1) (2,3,4) (0,2) (1,3) (0,1) (2,3)
new best 12 at depth 7: steps (0,1) (2,3,4) (0,2) (1,3) (0,1) (2,3) (1,4)
new best 16 at depth 8: steps (0,1) (2,3,4) (0,2) (1,3) (0,1) (2,3) (1,4) (0,5)
new best 18 at depth 9: steps (0,1) (2,3,4) (0,2) (1,3) (0,1) (2,3) (1,4) (0,5) (0,1)
new best 21 at depth 10: steps (0,1) (2,3,4) (0,2) (1,3) (0,1) (2,3) (1,4) (0,5) (0,1) (2,5)
new best 23 at depth 11: steps (0,1) (2,3,4) (0,2) (1,3) (0,1) (2,3) (1,4) (0,5) (0,1) (2,5) (4,5)
new best 24 at depth 9: steps (0,1) (2,3,4) (0,2) (1,3) (0,1) (2,3) (4,5) (1,4) (0,5)
new best 26 at depth 10: steps (0,1) (2,3,4) (0,2) (1,3) (0,1) (2,3) (4,5) (1,4) (0,5) (0,1)
new best 29 at depth 11: steps (0,1) (2,3,4) (0,2) (1,3) (0,1) (2,3) (4,5) (1,4) (0,5) (0,1) (2,5)
new best 31 at depth 12: steps (0,1) (2,3,4) (0,2) (1,3) (0,1) (2,3) (4,5) (1,4) (0,5) (0,1) (2,5) (4,5)
new best 32 at depth 14: steps (0,1) (2,3,4) (0,2) (1,3) (0,1) (2,5) (2,3) (4,5) (3,4) (1,4) (0,5) (0,1) (2,5) (4,5)
new best 33 at depth 13: steps (0,1) (2,3,4) (0,2) (1,3) (0,1) (4,5) (2,4) (0,2) (3,4) (1,5) (0,1) (4,5) (2,5)
new best 34 at depth 13: steps (0,1) (2,3,4) (0,2) (2,3) (4,5) (1,4) (0,1) (0,2) (3,4) (2,3) (1,5) (0,1) (4,5)
new best 35 at depth 12: steps (0,1) (2,3,4) (0,2) (3,5) (3,4) (2,4) (1,5) (0,1) (0,2) (3,5) (3,4) (1,5)
new best 37 at depth 13: steps (0,1) (2,3,4) (0,2) (3,5) (3,4) (2,4) (1,5) (0,1) (0,2) (3,5) (3,4) (1,5) (0,1)
new best 39 at depth 14: steps (0,1) (2,3,4) (0,2) (3,5) (3,4) (1,5) (0,1) (2,5) (2,4) (0,2) (3,5) (3,4) (1,5) (0,1)
budget=30 shard=7/512 nodes=266009079 maximal=266009079 best=39
